// Vitest Snapshot v1, https://vitest.dev/guide/snapshot.html

exports[`openapi.json > OpenAPIスキーマをスナップショット検証する 1`] = `
{
  "components": {
    "parameters": {},
    "schemas": {},
  },
  "info": {
    "title": "DCS Translation Japanese API",
    "version": Any<String>,
  },
  "openapi": "3.1.0",
  "paths": {
    "/create-pr": {
      "post": {
        "description": "指定のブランチにファイル変更をコミットし、Pull Request を作成します。

リクエスト:
- prTitle: PR のタイトル（必須）
- prBody: PR の本文（任意）
- branchName: 作成または更新するブランチ名（必須）
- commitMessage: コミットメッセージ（任意、未指定時はデフォルト）
- files: 変更対象の配列。{ path, content, operation }。operation は upsert|delete。

検証/安全性:
- path は ensureUserPathSafe によってパス走査などを防止します。

応答:
- 成功時は prNumber, prUrl, branchName, commitSha, note を含む配列を返します。

エラー:
- 400: リクエスト不正
- 403: 権限不足
- 422: 処理不能（内容不整合など）
- 500: サーバエラー",
        "requestBody": {
          "content": {
            "application/json": {
              "schema": {
                "properties": {
                  "branchName": {
                    "type": "string",
                  },
                  "commitMessage": {
                    "type": "string",
                  },
                  "files": {
                    "items": {
                      "anyOf": [
                        {
                          "properties": {
                            "content": {
                              "type": "string",
                            },
                            "operation": {
                              "enum": [
                                "upsert",
                              ],
                              "type": "string",
                            },
                            "path": {
                              "type": "string",
                            },
                          },
                          "required": [
                            "path",
                            "content",
                          ],
                          "type": "object",
                        },
                        {
                          "properties": {
                            "operation": {
                              "enum": [
                                "delete",
                              ],
                              "type": "string",
                            },
                            "path": {
                              "type": "string",
                            },
                          },
                          "required": [
                            "path",
                            "operation",
                          ],
                          "type": "object",
                        },
                      ],
                    },
                    "type": "array",
                  },
                  "prBody": {
                    "type": "string",
                  },
                  "prTitle": {
                    "type": "string",
                  },
                },
                "required": [
                  "prTitle",
                  "branchName",
                  "files",
                ],
                "type": "object",
              },
            },
          },
          "required": true,
        },
        "responses": {
          "200": {
            "content": {
              "application/json": {
                "schema": {
                  "properties": {
                    "data": {
                      "items": {
                        "properties": {
                          "branchName": {
                            "type": "string",
                          },
                          "commitSha": {
                            "type": "string",
                          },
                          "note": {
                            "type": "string",
                          },
                          "prNumber": {
                            "type": "integer",
                          },
                          "prUrl": {
                            "type": "string",
                          },
                        },
                        "required": [
                          "prNumber",
                          "prUrl",
                          "branchName",
                          "commitSha",
                        ],
                        "type": "object",
                      },
                      "nullable": true,
                      "type": "array",
                    },
                    "message": {
                      "type": "string",
                    },
                    "success": {
                      "type": "boolean",
                    },
                  },
                  "required": [
                    "success",
                  ],
                  "type": "object",
                },
              },
            },
            "description": "ok",
          },
          "400": {
            "content": {
              "application/json": {
                "schema": {
                  "properties": {
                    "data": {
                      "nullable": true,
                    },
                    "message": {
                      "type": "string",
                    },
                    "success": {
                      "type": "boolean",
                    },
                  },
                  "required": [
                    "success",
                  ],
                  "type": "object",
                },
              },
            },
            "description": "bad request",
          },
          "403": {
            "content": {
              "application/json": {
                "schema": {
                  "properties": {
                    "data": {
                      "nullable": true,
                    },
                    "message": {
                      "type": "string",
                    },
                    "success": {
                      "type": "boolean",
                    },
                  },
                  "required": [
                    "success",
                  ],
                  "type": "object",
                },
              },
            },
            "description": "forbidden",
          },
          "422": {
            "content": {
              "application/json": {
                "schema": {
                  "properties": {
                    "data": {
                      "nullable": true,
                    },
                    "message": {
                      "type": "string",
                    },
                    "success": {
                      "type": "boolean",
                    },
                  },
                  "required": [
                    "success",
                  ],
                  "type": "object",
                },
              },
            },
            "description": "unprocessable entity",
          },
          "500": {
            "content": {
              "application/json": {
                "schema": {
                  "properties": {
                    "data": {
                      "nullable": true,
                    },
                    "message": {
                      "type": "string",
                    },
                    "success": {
                      "type": "boolean",
                    },
                  },
                  "required": [
                    "success",
                  ],
                  "type": "object",
                },
              },
            },
            "description": "error",
          },
        },
        "summary": "GitHub に Pull Request を作成する",
        "tags": [
          "create-pr",
        ],
      },
    },
    "/download-file-paths": {
      "post": {
        "description": "指定したリポジトリから複数ファイルの RAW URL を生成し、JSON で返却するエンドポイントです。
用途: UI からの一括ダウンロードや外部連携。

リクエスト:
- JSON Body { paths: string[] } を必須とし、空文字・重複・不正パスを検証します。

制限:
- 件数上限: 300。
- 単一ファイル上限: 104857600 bytes。合計上限: 1073741824 bytes。

レート制限:
- Token Bucket を使用します。X-RateLimit-* ヘッダを返却し、超過時は 429 を返します。

キャッシュ:
- If-None-Match を評価し、ETag が一致する場合は 304 を返します。

エラー応答:
- application/problem+json を返します。type は validation / unprocessable / rate-limit / internal を使用します。
",
        "requestBody": {
          "content": {
            "application/json": {
              "schema": {
                "properties": {
                  "paths": {
                    "items": {
                      "minLength": 1,
                      "type": "string",
                    },
                    "maxItems": 300,
                    "minItems": 1,
                    "type": "array",
                  },
                },
                "required": [
                  "paths",
                ],
                "type": "object",
              },
            },
          },
          "required": true,
        },
        "responses": {
          "200": {
            "content": {
              "application/json": {
                "schema": {
                  "properties": {
                    "etag": {
                      "type": "string",
                    },
                    "files": {
                      "items": {
                        "properties": {
                          "path": {
                            "type": "string",
                          },
                          "url": {
                            "format": "uri",
                            "type": "string",
                          },
                        },
                        "required": [
                          "path",
                          "url",
                        ],
                        "type": "object",
                      },
                      "type": "array",
                    },
                    "generatedAt": {
                      "type": "string",
                    },
                    "version": {
                      "enum": [
                        1,
                      ],
                      "type": "number",
                    },
                  },
                  "required": [
                    "version",
                    "generatedAt",
                    "etag",
                    "files",
                  ],
                  "type": "object",
                },
              },
            },
            "description": "パス一覧を返却する",
          },
          "304": {
            "description": "変更なし",
          },
          "400": {
            "content": {
              "application/problem+json": {
                "schema": {
                  "properties": {
                    "detail": {
                      "type": "string",
                    },
                    "errors": {
                      "additionalProperties": {
                        "items": {
                          "type": "string",
                        },
                        "type": "array",
                      },
                      "type": "object",
                    },
                    "instance": {
                      "type": "string",
                    },
                    "status": {
                      "type": "integer",
                    },
                    "title": {
                      "type": "string",
                    },
                    "type": {
                      "type": "string",
                    },
                  },
                  "required": [
                    "type",
                    "title",
                    "status",
                    "detail",
                    "instance",
                  ],
                  "type": "object",
                },
              },
            },
            "description": "入力検証エラー",
          },
          "422": {
            "content": {
              "application/problem+json": {
                "schema": {
                  "properties": {
                    "detail": {
                      "type": "string",
                    },
                    "errors": {
                      "additionalProperties": {
                        "items": {
                          "type": "string",
                        },
                        "type": "array",
                      },
                      "type": "object",
                    },
                    "instance": {
                      "type": "string",
                    },
                    "status": {
                      "type": "integer",
                    },
                    "title": {
                      "type": "string",
                    },
                    "type": {
                      "type": "string",
                    },
                  },
                  "required": [
                    "type",
                    "title",
                    "status",
                    "detail",
                    "instance",
                  ],
                  "type": "object",
                },
              },
            },
            "description": "取得対象エラー",
          },
          "429": {
            "content": {
              "application/problem+json": {
                "schema": {
                  "properties": {
                    "detail": {
                      "type": "string",
                    },
                    "errors": {
                      "additionalProperties": {
                        "items": {
                          "type": "string",
                        },
                        "type": "array",
                      },
                      "type": "object",
                    },
                    "instance": {
                      "type": "string",
                    },
                    "status": {
                      "type": "integer",
                    },
                    "title": {
                      "type": "string",
                    },
                    "type": {
                      "type": "string",
                    },
                  },
                  "required": [
                    "type",
                    "title",
                    "status",
                    "detail",
                    "instance",
                  ],
                  "type": "object",
                },
              },
            },
            "description": "レート制限超過",
          },
          "500": {
            "content": {
              "application/problem+json": {
                "schema": {
                  "properties": {
                    "detail": {
                      "type": "string",
                    },
                    "errors": {
                      "additionalProperties": {
                        "items": {
                          "type": "string",
                        },
                        "type": "array",
                      },
                      "type": "object",
                    },
                    "instance": {
                      "type": "string",
                    },
                    "status": {
                      "type": "integer",
                    },
                    "title": {
                      "type": "string",
                    },
                    "type": {
                      "type": "string",
                    },
                  },
                  "required": [
                    "type",
                    "title",
                    "status",
                    "detail",
                    "instance",
                  ],
                  "type": "object",
                },
              },
            },
            "description": "サーバエラー",
          },
        },
        "summary": "指定パスのGitHub RAW URL一覧を返却する",
        "tags": [
          "download-file-paths",
        ],
      },
    },
    "/download-files": {
      "post": {
        "description": "指定したリポジトリから複数のファイルを取得し、ZIP ストリームで返却するエンドポイントです。
用途: UI からの一括ダウンロードや外部連携。

リクエスト:
- JSON Body { paths: string[] } を必須とし、空文字・重複・不正パスを検証します。

制限:
- 件数上限: 50。
- 単一ファイル上限: 104857600 bytes。合計上限: 1073741824 bytes。

レート制限:
- Token Bucket を使用します。X-RateLimit-* ヘッダを返却し、超過時は 429 を返します。

キャッシュ:
- If-None-Match を評価し、ETag が一致する場合は 304 を返します。

エラー応答:
- application/problem+json を返します。type は validation / unprocessable / rate-limit / internal を使用します。
",
        "requestBody": {
          "content": {
            "application/json": {
              "schema": {
                "properties": {
                  "paths": {
                    "items": {
                      "minLength": 1,
                      "type": "string",
                    },
                    "maxItems": 50,
                    "minItems": 1,
                    "type": "array",
                  },
                },
                "required": [
                  "paths",
                ],
                "type": "object",
              },
            },
          },
          "required": true,
        },
        "responses": {
          "200": {
            "content": {
              "application/zip": {
                "schema": {
                  "description": "ZIPストリームを返却する",
                  "format": "binary",
                  "type": "string",
                },
              },
            },
            "description": "ZIPファイルを返却する",
          },
          "304": {
            "description": "変更なし",
          },
          "400": {
            "content": {
              "application/problem+json": {
                "schema": {
                  "properties": {
                    "detail": {
                      "type": "string",
                    },
                    "errors": {
                      "additionalProperties": {
                        "items": {
                          "type": "string",
                        },
                        "type": "array",
                      },
                      "type": "object",
                    },
                    "instance": {
                      "type": "string",
                    },
                    "status": {
                      "type": "integer",
                    },
                    "title": {
                      "type": "string",
                    },
                    "type": {
                      "type": "string",
                    },
                  },
                  "required": [
                    "type",
                    "title",
                    "status",
                    "detail",
                    "instance",
                  ],
                  "type": "object",
                },
              },
            },
            "description": "入力検証エラー",
          },
          "422": {
            "content": {
              "application/problem+json": {
                "schema": {
                  "properties": {
                    "detail": {
                      "type": "string",
                    },
                    "errors": {
                      "additionalProperties": {
                        "items": {
                          "type": "string",
                        },
                        "type": "array",
                      },
                      "type": "object",
                    },
                    "instance": {
                      "type": "string",
                    },
                    "status": {
                      "type": "integer",
                    },
                    "title": {
                      "type": "string",
                    },
                    "type": {
                      "type": "string",
                    },
                  },
                  "required": [
                    "type",
                    "title",
                    "status",
                    "detail",
                    "instance",
                  ],
                  "type": "object",
                },
              },
            },
            "description": "取得対象エラー",
          },
          "429": {
            "content": {
              "application/problem+json": {
                "schema": {
                  "properties": {
                    "detail": {
                      "type": "string",
                    },
                    "errors": {
                      "additionalProperties": {
                        "items": {
                          "type": "string",
                        },
                        "type": "array",
                      },
                      "type": "object",
                    },
                    "instance": {
                      "type": "string",
                    },
                    "status": {
                      "type": "integer",
                    },
                    "title": {
                      "type": "string",
                    },
                    "type": {
                      "type": "string",
                    },
                  },
                  "required": [
                    "type",
                    "title",
                    "status",
                    "detail",
                    "instance",
                  ],
                  "type": "object",
                },
              },
            },
            "description": "レート制限超過",
          },
          "500": {
            "content": {
              "application/problem+json": {
                "schema": {
                  "properties": {
                    "detail": {
                      "type": "string",
                    },
                    "errors": {
                      "additionalProperties": {
                        "items": {
                          "type": "string",
                        },
                        "type": "array",
                      },
                      "type": "object",
                    },
                    "instance": {
                      "type": "string",
                    },
                    "status": {
                      "type": "integer",
                    },
                    "title": {
                      "type": "string",
                    },
                    "type": {
                      "type": "string",
                    },
                  },
                  "required": [
                    "type",
                    "title",
                    "status",
                    "detail",
                    "instance",
                  ],
                  "type": "object",
                },
              },
            },
            "description": "サーバエラー",
          },
        },
        "summary": "指定パスの複数ファイルをZIPで返却する",
        "tags": [
          "download-files",
        ],
      },
    },
    "/health": {
      "get": {
        "description": "アプリケーションが稼働中であることを確認するためのエンドポイント。
システム監視や Kubernetes の Liveness Probe などに利用できる。
成功時には HTTP 200 とともに現在時刻を ISO 8601 形式で返す。",
        "responses": {
          "200": {
            "content": {
              "application/json": {
                "schema": {
                  "properties": {
                    "status": {
                      "enum": [
                        "ok",
                      ],
                      "type": "string",
                    },
                    "timestamp": {
                      "format": "date-time",
                      "type": "string",
                    },
                  },
                  "required": [
                    "status",
                    "timestamp",
                  ],
                  "type": "object",
                },
              },
            },
            "description": "Liveness probe",
          },
        },
        "summary": "アプリケーションのヘルスチェック",
        "tags": [
          "health",
        ],
      },
    },
    "/issue/create": {
      "post": {
        "description": "指定のリポジトリに Issue を作成します。

リクエスト:
- title: Issue のタイトル（必須）
- body: Issue の本文（任意）
- labels: 適用するラベル配列（任意）
- assignees: アサインするユーザー配列（任意）

応答:
- 成功時は issueNumber と issueUrl を含む配列を返します。

エラー:
- 400: リクエスト不正
- 403: 権限不足
- 404: リポジトリが見つからない
- 422: 処理不能（内容不整合など）
- 500: サーバーエラー",
        "requestBody": {
          "content": {
            "application/json": {
              "schema": {
                "properties": {
                  "assignees": {
                    "items": {
                      "type": "string",
                    },
                    "type": "array",
                  },
                  "body": {
                    "type": "string",
                  },
                  "labels": {
                    "items": {
                      "type": "string",
                    },
                    "type": "array",
                  },
                  "title": {
                    "type": "string",
                  },
                },
                "required": [
                  "title",
                ],
                "type": "object",
              },
            },
          },
          "required": true,
        },
        "responses": {
          "200": {
            "content": {
              "application/json": {
                "schema": {
                  "properties": {
                    "data": {
                      "items": {
                        "properties": {
                          "issueNumber": {
                            "type": "integer",
                          },
                          "issueUrl": {
                            "type": "string",
                          },
                        },
                        "required": [
                          "issueNumber",
                          "issueUrl",
                        ],
                        "type": "object",
                      },
                      "nullable": true,
                      "type": "array",
                    },
                    "message": {
                      "type": "string",
                    },
                    "success": {
                      "type": "boolean",
                    },
                  },
                  "required": [
                    "success",
                  ],
                  "type": "object",
                },
              },
            },
            "description": "ok",
          },
          "400": {
            "content": {
              "application/json": {
                "schema": {
                  "properties": {
                    "data": {
                      "nullable": true,
                    },
                    "message": {
                      "type": "string",
                    },
                    "success": {
                      "type": "boolean",
                    },
                  },
                  "required": [
                    "success",
                  ],
                  "type": "object",
                },
              },
            },
            "description": "bad request",
          },
          "403": {
            "content": {
              "application/json": {
                "schema": {
                  "properties": {
                    "data": {
                      "nullable": true,
                    },
                    "message": {
                      "type": "string",
                    },
                    "success": {
                      "type": "boolean",
                    },
                  },
                  "required": [
                    "success",
                  ],
                  "type": "object",
                },
              },
            },
            "description": "forbidden",
          },
          "404": {
            "content": {
              "application/json": {
                "schema": {
                  "properties": {
                    "data": {
                      "nullable": true,
                    },
                    "message": {
                      "type": "string",
                    },
                    "success": {
                      "type": "boolean",
                    },
                  },
                  "required": [
                    "success",
                  ],
                  "type": "object",
                },
              },
            },
            "description": "not found",
          },
          "422": {
            "content": {
              "application/json": {
                "schema": {
                  "properties": {
                    "data": {
                      "nullable": true,
                    },
                    "message": {
                      "type": "string",
                    },
                    "success": {
                      "type": "boolean",
                    },
                  },
                  "required": [
                    "success",
                  ],
                  "type": "object",
                },
              },
            },
            "description": "unprocessable entity",
          },
          "500": {
            "content": {
              "application/json": {
                "schema": {
                  "properties": {
                    "data": {
                      "nullable": true,
                    },
                    "message": {
                      "type": "string",
                    },
                    "success": {
                      "type": "boolean",
                    },
                  },
                  "required": [
                    "success",
                  ],
                  "type": "object",
                },
              },
            },
            "description": "error",
          },
        },
        "summary": "GitHub に Issue を作成する",
        "tags": [
          "issue",
        ],
      },
    },
    "/issue/list": {
      "post": {
        "description": "指定のリポジトリに対して Issue 一覧を取得し、JSON として返却する。
",
        "parameters": [
          {
            "in": "query",
            "name": "state",
            "required": false,
            "schema": {
              "enum": [
                "open",
                "closed",
                "all",
              ],
              "type": "string",
            },
          },
        ],
        "responses": {
          "200": {
            "content": {
              "application/json": {
                "schema": {
                  "properties": {
                    "data": {
                      "items": {
                        "properties": {
                          "assignees": {
                            "items": {
                              "type": "string",
                            },
                            "type": "array",
                          },
                          "body": {
                            "nullable": true,
                            "type": "string",
                          },
                          "closedAt": {
                            "nullable": true,
                            "type": "string",
                          },
                          "createdAt": {
                            "type": "string",
                          },
                          "issueNumber": {
                            "type": "integer",
                          },
                          "issueUrl": {
                            "type": "string",
                          },
                          "labels": {
                            "items": {
                              "type": "string",
                            },
                            "type": "array",
                          },
                          "state": {
                            "enum": [
                              "open",
                              "closed",
                            ],
                            "type": "string",
                          },
                          "title": {
                            "type": "string",
                          },
                          "updatedAt": {
                            "type": "string",
                          },
                        },
                        "required": [
                          "issueNumber",
                          "title",
                          "body",
                          "issueUrl",
                          "state",
                          "closedAt",
                          "updatedAt",
                          "createdAt",
                          "labels",
                          "assignees",
                        ],
                        "type": "object",
                      },
                      "nullable": true,
                      "type": "array",
                    },
                    "message": {
                      "type": "string",
                    },
                    "success": {
                      "type": "boolean",
                    },
                  },
                  "required": [
                    "success",
                  ],
                  "type": "object",
                },
              },
            },
            "description": "ok",
          },
          "400": {
            "content": {
              "application/json": {
                "schema": {
                  "properties": {
                    "data": {
                      "nullable": true,
                    },
                    "message": {
                      "type": "string",
                    },
                    "success": {
                      "type": "boolean",
                    },
                  },
                  "required": [
                    "success",
                  ],
                  "type": "object",
                },
              },
            },
            "description": "bad request",
          },
          "403": {
            "content": {
              "application/json": {
                "schema": {
                  "properties": {
                    "data": {
                      "nullable": true,
                    },
                    "message": {
                      "type": "string",
                    },
                    "success": {
                      "type": "boolean",
                    },
                  },
                  "required": [
                    "success",
                  ],
                  "type": "object",
                },
              },
            },
            "description": "forbidden",
          },
          "404": {
            "content": {
              "application/json": {
                "schema": {
                  "properties": {
                    "data": {
                      "nullable": true,
                    },
                    "message": {
                      "type": "string",
                    },
                    "success": {
                      "type": "boolean",
                    },
                  },
                  "required": [
                    "success",
                  ],
                  "type": "object",
                },
              },
            },
            "description": "not found",
          },
          "422": {
            "content": {
              "application/json": {
                "schema": {
                  "properties": {
                    "data": {
                      "nullable": true,
                    },
                    "message": {
                      "type": "string",
                    },
                    "success": {
                      "type": "boolean",
                    },
                  },
                  "required": [
                    "success",
                  ],
                  "type": "object",
                },
              },
            },
            "description": "unprocessable entity",
          },
          "500": {
            "content": {
              "application/json": {
                "schema": {
                  "properties": {
                    "data": {
                      "nullable": true,
                    },
                    "message": {
                      "type": "string",
                    },
                    "success": {
                      "type": "boolean",
                    },
                  },
                  "required": [
                    "success",
                  ],
                  "type": "object",
                },
              },
            },
            "description": "error",
          },
        },
        "summary": "GitHub の Issue 一覧を取得する",
        "tags": [
          "issue",
        ],
      },
    },
    "/tree": {
      "get": {
        "description": "指定された GitHub リポジトリのデフォルトブランチから、DCSWorld, UserMissions 配下のファイル一覧（TreeItem配列）を取得して返す。
",
        "responses": {
          "200": {
            "content": {
              "application/json": {
                "schema": {
                  "properties": {
                    "data": {
                      "items": {
                        "properties": {
                          "mode": {
                            "type": "string",
                          },
                          "path": {
                            "type": "string",
                          },
                          "sha": {
                            "type": "string",
                          },
                          "size": {
                            "minimum": 0,
                            "type": "integer",
                          },
                          "type": {
                            "enum": [
                              "blob",
                            ],
                            "type": "string",
                          },
                          "updatedAt": {
                            "format": "date-time",
                            "nullable": true,
                            "type": "string",
                          },
                          "url": {
                            "type": "string",
                          },
                        },
                        "required": [
                          "path",
                          "mode",
                          "type",
                          "sha",
                          "updatedAt",
                        ],
                        "type": "object",
                      },
                      "type": "array",
                    },
                    "message": {
                      "type": "string",
                    },
                    "success": {
                      "enum": [
                        true,
                      ],
                      "type": "boolean",
                    },
                  },
                  "required": [
                    "success",
                    "data",
                  ],
                  "type": "object",
                },
              },
            },
            "description": "ok",
          },
          "400": {
            "content": {
              "application/json": {
                "schema": {
                  "properties": {
                    "data": {
                      "nullable": true,
                    },
                    "message": {
                      "type": "string",
                    },
                    "success": {
                      "enum": [
                        false,
                      ],
                      "type": "boolean",
                    },
                  },
                  "required": [
                    "success",
                    "data",
                  ],
                  "type": "object",
                },
              },
            },
            "description": "bad request",
          },
          "403": {
            "content": {
              "application/json": {
                "schema": {
                  "properties": {
                    "data": {
                      "nullable": true,
                    },
                    "message": {
                      "type": "string",
                    },
                    "success": {
                      "enum": [
                        false,
                      ],
                      "type": "boolean",
                    },
                  },
                  "required": [
                    "success",
                    "data",
                  ],
                  "type": "object",
                },
              },
            },
            "description": "forbidden",
          },
          "422": {
            "content": {
              "application/json": {
                "schema": {
                  "properties": {
                    "data": {
                      "nullable": true,
                    },
                    "message": {
                      "type": "string",
                    },
                    "success": {
                      "enum": [
                        false,
                      ],
                      "type": "boolean",
                    },
                  },
                  "required": [
                    "success",
                    "data",
                  ],
                  "type": "object",
                },
              },
            },
            "description": "unprocessable entity",
          },
          "500": {
            "content": {
              "application/json": {
                "schema": {
                  "properties": {
                    "data": {
                      "nullable": true,
                    },
                    "message": {
                      "type": "string",
                    },
                    "success": {
                      "enum": [
                        false,
                      ],
                      "type": "boolean",
                    },
                  },
                  "required": [
                    "success",
                    "data",
                  ],
                  "type": "object",
                },
              },
            },
            "description": "error",
          },
        },
        "summary": "GitHub リポジトリのツリー構造を取得する",
        "tags": [
          "tree",
        ],
      },
    },
    "/tree-metadata/upsert": {
      "post": {
        "description": "GitHub の ファイルの作成・更新日を更新します。
",
        "parameters": [
          {
            "in": "header",
            "name": "Authorization",
            "required": false,
            "schema": {
              "minLength": 1,
              "type": "string",
            },
          },
        ],
        "requestBody": {
          "content": {
            "application/json": {
              "schema": {
                "items": {
                  "properties": {
                    "path": {
                      "type": "string",
                    },
                    "updatedAt": {
                      "type": "integer",
                    },
                  },
                  "required": [
                    "path",
                    "updatedAt",
                  ],
                  "type": "object",
                },
                "maxItems": 1000,
                "type": "array",
              },
            },
          },
          "required": true,
        },
        "responses": {
          "200": {
            "content": {
              "application/json": {
                "schema": {
                  "properties": {
                    "data": {
                      "nullable": true,
                    },
                    "message": {
                      "type": "string",
                    },
                    "success": {
                      "type": "boolean",
                    },
                  },
                  "required": [
                    "success",
                  ],
                  "type": "object",
                },
              },
            },
            "description": "ok",
          },
          "400": {
            "content": {
              "application/json": {
                "schema": {
                  "properties": {
                    "data": {
                      "nullable": true,
                    },
                    "message": {
                      "type": "string",
                    },
                    "success": {
                      "type": "boolean",
                    },
                  },
                  "required": [
                    "success",
                  ],
                  "type": "object",
                },
              },
            },
            "description": "bad request",
          },
          "401": {
            "content": {
              "application/json": {
                "schema": {
                  "properties": {
                    "data": {
                      "nullable": true,
                    },
                    "message": {
                      "type": "string",
                    },
                    "success": {
                      "type": "boolean",
                    },
                  },
                  "required": [
                    "success",
                  ],
                  "type": "object",
                },
              },
            },
            "description": "unauthorized",
          },
          "403": {
            "content": {
              "application/json": {
                "schema": {
                  "properties": {
                    "data": {
                      "nullable": true,
                    },
                    "message": {
                      "type": "string",
                    },
                    "success": {
                      "type": "boolean",
                    },
                  },
                  "required": [
                    "success",
                  ],
                  "type": "object",
                },
              },
            },
            "description": "forbidden",
          },
          "404": {
            "content": {
              "application/json": {
                "schema": {
                  "properties": {
                    "data": {
                      "nullable": true,
                    },
                    "message": {
                      "type": "string",
                    },
                    "success": {
                      "type": "boolean",
                    },
                  },
                  "required": [
                    "success",
                  ],
                  "type": "object",
                },
              },
            },
            "description": "not found",
          },
          "422": {
            "content": {
              "application/json": {
                "schema": {
                  "properties": {
                    "data": {
                      "nullable": true,
                    },
                    "message": {
                      "type": "string",
                    },
                    "success": {
                      "type": "boolean",
                    },
                  },
                  "required": [
                    "success",
                  ],
                  "type": "object",
                },
              },
            },
            "description": "unprocessable entity",
          },
          "500": {
            "content": {
              "application/json": {
                "schema": {
                  "properties": {
                    "data": {
                      "nullable": true,
                    },
                    "message": {
                      "type": "string",
                    },
                    "success": {
                      "type": "boolean",
                    },
                  },
                  "required": [
                    "success",
                  ],
                  "type": "object",
                },
              },
            },
            "description": "error",
          },
        },
        "summary": "GitHub の ファイルの作成・更新日を更新する",
        "tags": [
          "tree-metadata",
        ],
      },
    },
  },
  "servers": [
    {
      "description": "DCS Translation Japanese の翻訳ファイルを取得・配布・登録する API サーバー。",
      "url": "https://dcs-translation-japanese-cloudflare-worker.dcs-translation-japanese.workers.dev",
    },
  ],
}
`;
