// Vitest Snapshot v1, https://vitest.dev/guide/snapshot.html

exports[`openapi.json > OpenAPIスキーマをスナップショット検証する 1`] = `
{
  "components": {
    "parameters": {},
    "schemas": {},
  },
  "info": {
    "title": "DCS Translation Japanese API",
    "version": Any<String>,
  },
  "openapi": "3.1.0",
  "paths": {
    "/health": {
      "get": {
        "description": "アプリケーションが稼働中であることを確認するためのエンドポイント。
システム監視や Kubernetes の Liveness Probe などに利用できる。
成功時には HTTP 200 とともに現在時刻を ISO 8601 形式で返す。",
        "responses": {
          "200": {
            "content": {
              "application/json": {
                "schema": {
                  "properties": {
                    "status": {
                      "enum": [
                        "ok",
                      ],
                      "type": "string",
                    },
                    "timestamp": {
                      "format": "date-time",
                      "type": "string",
                    },
                  },
                  "required": [
                    "status",
                    "timestamp",
                  ],
                  "type": "object",
                },
              },
            },
            "description": "Liveness probe",
          },
        },
        "summary": "アプリケーションのヘルスチェック",
        "tags": [
          "health",
        ],
      },
    },
    "/tree": {
      "get": {
        "description": "指定された GitHub リポジトリのデフォルトブランチから、DCSWorld, UserMissions 配下のファイル一覧（TreeItem配列）を取得して返す。",
        "responses": {
          "200": {
            "content": {
              "application/json": {
                "schema": {
                  "properties": {
                    "data": {
                      "items": {
                        "properties": {
                          "mode": {
                            "type": "string",
                          },
                          "path": {
                            "type": "string",
                          },
                          "sha": {
                            "type": "string",
                          },
                          "size": {
                            "minimum": 0,
                            "type": "integer",
                          },
                          "type": {
                            "enum": [
                              "blob",
                            ],
                            "type": "string",
                          },
                          "url": {
                            "type": "string",
                          },
                        },
                        "required": [
                          "path",
                          "mode",
                          "type",
                          "sha",
                        ],
                        "type": "object",
                      },
                      "type": "array",
                    },
                    "message": {
                      "type": "string",
                    },
                    "success": {
                      "enum": [
                        true,
                      ],
                      "type": "boolean",
                    },
                  },
                  "required": [
                    "success",
                    "data",
                  ],
                  "type": "object",
                },
              },
            },
            "description": "ok",
          },
          "400": {
            "content": {
              "application/json": {
                "schema": {
                  "properties": {
                    "message": {
                      "type": "string",
                    },
                    "success": {
                      "enum": [
                        false,
                      ],
                      "type": "boolean",
                    },
                  },
                  "required": [
                    "success",
                    "message",
                  ],
                  "type": "object",
                },
              },
            },
            "description": "bad request",
          },
          "403": {
            "content": {
              "application/json": {
                "schema": {
                  "properties": {
                    "message": {
                      "type": "string",
                    },
                    "success": {
                      "enum": [
                        false,
                      ],
                      "type": "boolean",
                    },
                  },
                  "required": [
                    "success",
                    "message",
                  ],
                  "type": "object",
                },
              },
            },
            "description": "forbidden",
          },
          "422": {
            "content": {
              "application/json": {
                "schema": {
                  "properties": {
                    "message": {
                      "type": "string",
                    },
                    "success": {
                      "enum": [
                        false,
                      ],
                      "type": "boolean",
                    },
                  },
                  "required": [
                    "success",
                    "message",
                  ],
                  "type": "object",
                },
              },
            },
            "description": "unprocessable entity",
          },
          "500": {
            "content": {
              "application/json": {
                "schema": {
                  "properties": {
                    "message": {
                      "type": "string",
                    },
                    "success": {
                      "enum": [
                        false,
                      ],
                      "type": "boolean",
                    },
                  },
                  "required": [
                    "success",
                    "message",
                  ],
                  "type": "object",
                },
              },
            },
            "description": "error",
          },
        },
        "summary": "GitHub リポジトリのツリー構造を取得",
        "tags": [
          "tree",
        ],
      },
    },
  },
  "servers": [
    {
      "description": "DCS Translation Japanese の翻訳ファイルを取得・配布・登録する API サーバー。",
      "url": "https://dcs-translation-japanese-cloudflare-worker.dcs-translation-japanese.workers.dev",
    },
  ],
}
`;
