// Vitest Snapshot v1, https://vitest.dev/guide/snapshot.html

exports[`openapi.json > OpenAPIスキーマをスナップショット検証する 1`] = `
{
  "components": {
    "parameters": {},
    "schemas": {},
  },
  "info": {
    "title": "DCS Translation Japanese API",
    "version": Any<String>,
  },
  "openapi": "3.1.0",
  "paths": {},
  "servers": [
    {
      "description": "DCS Translation Japanese の翻訳ファイルを取得・配布・登録する API サーバー。",
      "url": "https://dcs-translation-japanese-cloudflare-worker.dcs-translation-japanese.workers.dev",
    },
  ],
}
`;
